2026-07-19 10:45:05 | /home/ubuntu/HIT-MIRA-Multimodal-RAG/API/src/rag/vector_store/vector_store.py:94 | [INFO]: Deleted Qdrant points for document_id 'string'

2026-07-19 10:45:05 | /home/ubuntu/HIT-MIRA-Multimodal-RAG/API/src/rag/pipeline/pipeline_service.py:54 | [ERROR]: ingest_document failed for 'Nội Quy CLB 2022.docx.pdf': File does not exist: /home/ubuntu/HIT-MIRA-Multimodal-RAG/API/logs/Nội Quy CLB 2022.docx.pdf

2026-07-19 10:45:17 | /home/ubuntu/HIT-MIRA-Multimodal-RAG/API/src/rag/pipeline/pipeline_service.py:54 | [ERROR]: ingest_document failed for 'Nội Quy CLB 2022.docx.pdf': File does not exist: /home/ubuntu/HIT-MIRA-Multimodal-RAG/API/logs/Nội Quy CLB 2022.docx.pdf

2026-07-19 10:46:40 | /home/ubuntu/HIT-MIRA-Multimodal-RAG/API/src/rag/pipeline/parser.py:24 | [INFO]: Parsed 1 text unit(s) from 'Nội Quy CLB 2022.docx.pdf'

2026-07-19 10:46:40 | /home/ubuntu/HIT-MIRA-Multimodal-RAG/API/src/rag/pipeline/cleaner.py:27 | [INFO]: Cleaned 1 non-empty document unit(s)

2026-07-19 10:46:40 | /home/ubuntu/HIT-MIRA-Multimodal-RAG/API/src/rag/pipeline/chunker.py:64 | [INFO]: Created 3 semantic chunk(s) for document_id 'noi-quy-clb-2022'

2026-07-19 10:46:40 | /home/ubuntu/HIT-MIRA-Multimodal-RAG/API/src/rag/embedding/embedding_service.py:46 | [INFO]: Embedding 3 document chunk(s) with model 'baai/bge-m3'

2026-07-19 10:46:48 | /home/ubuntu/HIT-MIRA-Multimodal-RAG/API/src/rag/pipeline/ingest.py:84 | [INFO]: Prepared 3 chunk payload(s) for vector upsert

2026-07-19 10:46:48 | /home/ubuntu/HIT-MIRA-Multimodal-RAG/API/src/rag/vector_store/vector_store.py:78 | [INFO]: Upserted 3 chunk point(s) into Qdrant collection 'rag_documents'

2026-07-19 10:46:48 | /home/ubuntu/HIT-MIRA-Multimodal-RAG/API/src/rag/pipeline/pipeline_service.py:39 | [INFO]: Completed ingest for document_id 'noi-quy-clb-2022' with 3 chunk(s)

2026-07-19 10:47:02 | /home/ubuntu/HIT-MIRA-Multimodal-RAG/API/src/rag/embedding/embedding_service.py:46 | [INFO]: Embedding 1 document chunk(s) with model 'baai/bge-m3'

2026-07-19 10:47:07 | /home/ubuntu/HIT-MIRA-Multimodal-RAG/API/src/rag/embedding/embedding_service.py:46 | [INFO]: Embedding 1 document chunk(s) with model 'baai/bge-m3'

2026-07-19 10:47:12 | /home/ubuntu/HIT-MIRA-Multimodal-RAG/API/src/rag/retrieval/retriever.py:81 | [INFO]: Retrieved 2 chunk(s) for query

2026-07-19 10:47:12 | /home/ubuntu/HIT-MIRA-Multimodal-RAG/API/src/rag/retrieval/retrieval_service.py:34 | [INFO]: Retrieval flow completed with 2 result(s)

2026-07-19 10:59:22 | /home/ubuntu/HIT-MIRA-Multimodal-RAG/API/src/rag/pipeline/parser.py:24 | [INFO]: Parsed 1 text unit(s) from 'Nội Quy CLB 2022.docx.pdf'

2026-07-19 10:59:22 | /home/ubuntu/HIT-MIRA-Multimodal-RAG/API/src/rag/pipeline/cleaner.py:29 | [INFO]: Cleaned 1 non-empty document unit(s)

2026-07-19 10:59:22 | /home/ubuntu/HIT-MIRA-Multimodal-RAG/API/src/rag/pipeline/chunker.py:64 | [INFO]: Created 4 semantic chunk(s) for document_id 'string'

2026-07-19 10:59:22 | /home/ubuntu/HIT-MIRA-Multimodal-RAG/API/src/rag/embedding/embedding_service.py:46 | [INFO]: Embedding 4 document chunk(s) with model 'baai/bge-m3'

2026-07-19 10:59:28 | /home/ubuntu/HIT-MIRA-Multimodal-RAG/API/src/rag/vector_store/vector_store.py:52 | [INFO]: Creating Qdrant collection 'rag_documents' with vector size 1024

2026-07-19 10:59:28 | /home/ubuntu/HIT-MIRA-Multimodal-RAG/API/src/rag/pipeline/ingest.py:84 | [INFO]: Prepared 4 chunk payload(s) for vector upsert

2026-07-19 10:59:28 | /home/ubuntu/HIT-MIRA-Multimodal-RAG/API/src/rag/vector_store/vector_store.py:78 | [INFO]: Upserted 4 chunk point(s) into Qdrant collection 'rag_documents'

2026-07-19 10:59:28 | /home/ubuntu/HIT-MIRA-Multimodal-RAG/API/src/rag/pipeline/pipeline_service.py:39 | [INFO]: Completed ingest for document_id 'string' with 4 chunk(s)

2026-07-19 11:07:36 | /home/ubuntu/HIT-MIRA-Multimodal-RAG/API/src/rag/pipeline/parser.py:24 | [INFO]: Parsed 1 text unit(s) from 'Nội Quy CLB 2022.docx.pdf'

2026-07-19 11:07:36 | /home/ubuntu/HIT-MIRA-Multimodal-RAG/API/src/rag/pipeline/cleaner.py:29 | [INFO]: Cleaned 1 non-empty document unit(s)

2026-07-19 11:07:36 | /home/ubuntu/HIT-MIRA-Multimodal-RAG/API/src/rag/pipeline/chunker.py:64 | [INFO]: Created 4 semantic chunk(s) for document_id 'string'

2026-07-19 11:07:36 | /home/ubuntu/HIT-MIRA-Multimodal-RAG/API/src/rag/embedding/embedding_service.py:46 | [INFO]: Embedding 4 document chunk(s) with model 'baai/bge-m3'

2026-07-19 11:07:43 | /home/ubuntu/HIT-MIRA-Multimodal-RAG/API/src/rag/vector_store/vector_store.py:52 | [INFO]: Creating Qdrant collection 'rag_documents' with vector size 1024

2026-07-19 11:07:43 | /home/ubuntu/HIT-MIRA-Multimodal-RAG/API/src/rag/pipeline/ingest.py:84 | [INFO]: Prepared 4 chunk payload(s) for vector upsert

2026-07-19 11:07:43 | /home/ubuntu/HIT-MIRA-Multimodal-RAG/API/src/rag/vector_store/vector_store.py:78 | [INFO]: Upserted 4 chunk point(s) into Qdrant collection 'rag_documents'

2026-07-19 11:07:43 | /home/ubuntu/HIT-MIRA-Multimodal-RAG/API/src/rag/pipeline/pipeline_service.py:39 | [INFO]: Completed ingest for document_id 'string' with 4 chunk(s)

2026-07-19 11:13:16 | /home/ubuntu/HIT-MIRA-Multimodal-RAG/API/src/rag/pipeline/parser.py:24 | [INFO]: Parsed 1 text unit(s) from 'Nội Quy CLB 2022.docx.pdf'

2026-07-19 11:13:16 | /home/ubuntu/HIT-MIRA-Multimodal-RAG/API/src/rag/pipeline/cleaner.py:29 | [INFO]: Cleaned 1 non-empty document unit(s)

2026-07-19 11:13:16 | /home/ubuntu/HIT-MIRA-Multimodal-RAG/API/src/rag/pipeline/chunker.py:64 | [INFO]: Created 4 semantic chunk(s) for document_id 'string'

2026-07-19 11:13:16 | /home/ubuntu/HIT-MIRA-Multimodal-RAG/API/src/rag/embedding/embedding_service.py:46 | [INFO]: Embedding 4 document chunk(s) with model 'baai/bge-m3'

2026-07-19 11:13:22 | /home/ubuntu/HIT-MIRA-Multimodal-RAG/API/src/rag/vector_store/vector_store.py:52 | [INFO]: Creating Qdrant collection 'rag_documents' with vector size 1024

2026-07-19 11:13:22 | /home/ubuntu/HIT-MIRA-Multimodal-RAG/API/src/rag/pipeline/ingest.py:84 | [INFO]: Prepared 4 chunk payload(s) for vector upsert

2026-07-19 11:13:22 | /home/ubuntu/HIT-MIRA-Multimodal-RAG/API/src/rag/vector_store/vector_store.py:78 | [INFO]: Upserted 4 chunk point(s) into Qdrant collection 'rag_documents'

2026-07-19 11:13:22 | /home/ubuntu/HIT-MIRA-Multimodal-RAG/API/src/rag/pipeline/pipeline_service.py:39 | [INFO]: Completed ingest for document_id 'string' with 4 chunk(s)

2026-07-19 11:15:59 | /home/ubuntu/HIT-MIRA-Multimodal-RAG/API/src/rag/retrieval/query_rewriter.py:28 | [WARNING]: Query rewrite failed, using original query: AuthenticationError

2026-07-19 11:15:59 | /home/ubuntu/HIT-MIRA-Multimodal-RAG/API/src/rag/embedding/embedding_service.py:46 | [INFO]: Embedding 1 document chunk(s) with model 'baai/bge-m3'

2026-07-19 11:16:05 | /home/ubuntu/HIT-MIRA-Multimodal-RAG/API/src/rag/embedding/embedding_service.py:46 | [INFO]: Embedding 1 document chunk(s) with model 'baai/bge-m3'

2026-07-19 11:16:09 | /home/ubuntu/HIT-MIRA-Multimodal-RAG/API/src/rag/retrieval/retriever.py:81 | [INFO]: Retrieved 0 chunk(s) for query

2026-07-19 11:16:09 | /home/ubuntu/HIT-MIRA-Multimodal-RAG/API/src/rag/retrieval/retrieval_service.py:34 | [INFO]: Retrieval flow completed with 0 result(s)

2026-07-19 13:28:09 | /home/ubuntu/HIT-MIRA-Multimodal-RAG/API/src/rag/pipeline/parser.py:24 | [INFO]: Parsed 1 text unit(s) from 'Nội Quy CLB 2022.docx.pdf'

2026-07-19 13:28:09 | /home/ubuntu/HIT-MIRA-Multimodal-RAG/API/src/rag/pipeline/cleaner.py:29 | [INFO]: Cleaned 1 non-empty document unit(s)

2026-07-19 13:28:09 | /home/ubuntu/HIT-MIRA-Multimodal-RAG/API/src/rag/pipeline/chunker.py:64 | [INFO]: Created 4 semantic chunk(s) for document_id 'string'

2026-07-19 13:28:09 | /home/ubuntu/HIT-MIRA-Multimodal-RAG/API/src/rag/embedding/embedding_service.py:46 | [INFO]: Embedding 4 document chunk(s) with model 'baai/bge-m3'

2026-07-19 13:28:16 | /home/ubuntu/HIT-MIRA-Multimodal-RAG/API/src/rag/vector_store/vector_store.py:62 | [INFO]: Creating Qdrant collection 'rag_documents' with vector size 1024

2026-07-19 13:28:17 | /home/ubuntu/HIT-MIRA-Multimodal-RAG/API/src/rag/pipeline/ingest.py:84 | [INFO]: Prepared 4 chunk payload(s) for vector upsert

2026-07-19 13:28:17 | /home/ubuntu/HIT-MIRA-Multimodal-RAG/API/src/rag/vector_store/vector_store.py:94 | [INFO]: Upserted 4 chunk point(s) into Qdrant collection 'rag_documents'

2026-07-19 13:28:17 | /home/ubuntu/HIT-MIRA-Multimodal-RAG/API/src/rag/pipeline/pipeline_service.py:39 | [INFO]: Completed ingest for document_id 'string' with 4 chunk(s)

2026-07-19 13:29:35 | /home/ubuntu/HIT-MIRA-Multimodal-RAG/API/src/rag/retrieval/query_rewriter.py:28 | [WARNING]: Query rewrite failed, using original query: AuthenticationError

2026-07-19 13:29:35 | /home/ubuntu/HIT-MIRA-Multimodal-RAG/API/src/rag/embedding/embedding_service.py:46 | [INFO]: Embedding 1 document chunk(s) with model 'baai/bge-m3'

2026-07-19 13:29:42 | /home/ubuntu/HIT-MIRA-Multimodal-RAG/API/src/rag/embedding/embedding_service.py:46 | [INFO]: Embedding 1 document chunk(s) with model 'baai/bge-m3'

2026-07-19 13:29:47 | /home/ubuntu/HIT-MIRA-Multimodal-RAG/API/src/rag/retrieval/retriever.py:120 | [INFO]: Retrieved 1 chunk(s) from 3 candidate(s)

2026-07-19 13:29:47 | /home/ubuntu/HIT-MIRA-Multimodal-RAG/API/src/rag/retrieval/retrieval_service.py:36 | [INFO]: Retrieval flow completed with 1 result(s)

2026-07-19 13:46:16 | /home/ubuntu/HIT-MIRA-Multimodal-RAG/API/src/rag/retrieval/query_rewriter.py:28 | [WARNING]: Query rewrite failed, using original query: AuthenticationError

2026-07-19 13:46:16 | /home/ubuntu/HIT-MIRA-Multimodal-RAG/API/src/rag/embedding/embedding_service.py:46 | [INFO]: Embedding 1 document chunk(s) with model 'baai/bge-m3'

2026-07-19 13:46:23 | /home/ubuntu/HIT-MIRA-Multimodal-RAG/API/src/rag/embedding/embedding_service.py:46 | [INFO]: Embedding 1 document chunk(s) with model 'baai/bge-m3'

2026-07-19 13:46:28 | /home/ubuntu/HIT-MIRA-Multimodal-RAG/API/src/rag/retrieval/retriever.py:120 | [INFO]: Retrieved 1 chunk(s) from 3 candidate(s)

2026-07-19 13:46:28 | /home/ubuntu/HIT-MIRA-Multimodal-RAG/API/src/rag/retrieval/retrieval_service.py:36 | [INFO]: Retrieval flow completed with 1 result(s)

