2026-07-18 10:39:40 | /home/sown23/Documents/HIT-MIRA-Multimodal-RAG/API/src/rag/pipeline/parser.py:24 | [INFO]: Parsed 1 text unit(s) from 'Nội Quy CLB 2022.docx.pdf'

2026-07-18 10:39:40 | /home/sown23/Documents/HIT-MIRA-Multimodal-RAG/API/src/rag/pipeline/cleaner.py:27 | [INFO]: Cleaned 1 non-empty document unit(s)

2026-07-18 10:39:40 | /home/sown23/Documents/HIT-MIRA-Multimodal-RAG/API/src/rag/pipeline/chunker.py:62 | [INFO]: Created 6 chunk(s) for document_id 'string'

2026-07-18 10:39:40 | /home/sown23/Documents/HIT-MIRA-Multimodal-RAG/API/src/rag/pipeline/pipeline_service.py:54 | [ERROR]: ingest_document failed for 'Nội Quy CLB 2022.docx.pdf': Missing embedding configuration. Set EMBEDDING_API_KEY.

2026-07-18 10:46:11 | /home/sown23/Documents/HIT-MIRA-Multimodal-RAG/API/src/rag/pipeline/parser.py:24 | [INFO]: Parsed 1 text unit(s) from 'Nội Quy CLB 2022.docx.pdf'

2026-07-18 10:46:11 | /home/sown23/Documents/HIT-MIRA-Multimodal-RAG/API/src/rag/pipeline/cleaner.py:27 | [INFO]: Cleaned 1 non-empty document unit(s)

2026-07-18 10:46:11 | /home/sown23/Documents/HIT-MIRA-Multimodal-RAG/API/src/rag/pipeline/chunker.py:62 | [INFO]: Created 6 chunk(s) for document_id 'string'

2026-07-18 10:46:11 | /home/sown23/Documents/HIT-MIRA-Multimodal-RAG/API/src/rag/embedding/embedding_service.py:46 | [INFO]: Embedding 6 document chunk(s) with model 'baai/bge-m3'

2026-07-18 12:14:59 | /home/sown23/Documents/HIT-MIRA-Multimodal-RAG/API/src/rag/pipeline/parser.py:24 | [INFO]: Parsed 1 text unit(s) from 'Nội Quy CLB 2022.docx.pdf'

2026-07-18 12:14:59 | /home/sown23/Documents/HIT-MIRA-Multimodal-RAG/API/src/rag/pipeline/cleaner.py:27 | [INFO]: Cleaned 1 non-empty document unit(s)

2026-07-18 12:14:59 | /home/sown23/Documents/HIT-MIRA-Multimodal-RAG/API/src/rag/pipeline/chunker.py:62 | [INFO]: Created 6 chunk(s) for document_id 'string'

2026-07-18 12:14:59 | /home/sown23/Documents/HIT-MIRA-Multimodal-RAG/API/src/rag/embedding/embedding_service.py:46 | [INFO]: Embedding 6 document chunk(s) with model 'baai/bge-m3'

2026-07-18 12:15:07 | /home/sown23/Documents/HIT-MIRA-Multimodal-RAG/API/src/rag/vector_store/vector_store.py:52 | [INFO]: Creating Qdrant collection 'rag_documents' with vector size 1024

2026-07-18 12:15:08 | /home/sown23/Documents/HIT-MIRA-Multimodal-RAG/API/src/rag/pipeline/ingest.py:84 | [INFO]: Prepared 6 chunk payload(s) for vector upsert

2026-07-18 12:15:08 | /home/sown23/Documents/HIT-MIRA-Multimodal-RAG/API/src/rag/vector_store/vector_store.py:78 | [INFO]: Upserted 6 chunk point(s) into Qdrant collection 'rag_documents'

2026-07-18 12:15:08 | /home/sown23/Documents/HIT-MIRA-Multimodal-RAG/API/src/rag/pipeline/pipeline_service.py:39 | [INFO]: Completed ingest for document_id 'string' with 6 chunk(s)

2026-07-18 12:34:43 | /home/sown23/Documents/HIT-MIRA-Multimodal-RAG/API/src/rag/retrieval/query_rewriter.py:28 | [WARNING]: Query rewrite failed, using original query: AuthenticationError

2026-07-18 12:34:43 | /home/sown23/Documents/HIT-MIRA-Multimodal-RAG/API/src/rag/embedding/embedding_service.py:46 | [INFO]: Embedding 1 document chunk(s) with model 'baai/bge-m3'

2026-07-18 12:34:50 | /home/sown23/Documents/HIT-MIRA-Multimodal-RAG/API/src/rag/embedding/embedding_service.py:46 | [INFO]: Embedding 1 document chunk(s) with model 'baai/bge-m3'

2026-07-18 12:34:57 | /home/sown23/Documents/HIT-MIRA-Multimodal-RAG/API/src/rag/retrieval/retriever.py:81 | [INFO]: Retrieved 1 chunk(s) for query

2026-07-18 12:34:57 | /home/sown23/Documents/HIT-MIRA-Multimodal-RAG/API/src/rag/retrieval/retrieval_service.py:34 | [INFO]: Retrieval flow completed with 1 result(s)

2026-07-18 12:35:31 | /home/sown23/Documents/HIT-MIRA-Multimodal-RAG/API/src/rag/retrieval/query_rewriter.py:28 | [WARNING]: Query rewrite failed, using original query: AuthenticationError

2026-07-18 12:35:31 | /home/sown23/Documents/HIT-MIRA-Multimodal-RAG/API/src/rag/embedding/embedding_service.py:46 | [INFO]: Embedding 1 document chunk(s) with model 'baai/bge-m3'

2026-07-18 12:35:41 | /home/sown23/Documents/HIT-MIRA-Multimodal-RAG/API/src/rag/retrieval/retriever.py:81 | [INFO]: Retrieved 1 chunk(s) for query

2026-07-18 12:35:41 | /home/sown23/Documents/HIT-MIRA-Multimodal-RAG/API/src/rag/retrieval/retrieval_service.py:34 | [INFO]: Retrieval flow completed with 1 result(s)

2026-07-18 12:36:28 | /home/sown23/Documents/HIT-MIRA-Multimodal-RAG/API/src/rag/retrieval/query_rewriter.py:28 | [WARNING]: Query rewrite failed, using original query: AuthenticationError

2026-07-18 12:36:28 | /home/sown23/Documents/HIT-MIRA-Multimodal-RAG/API/src/rag/embedding/embedding_service.py:46 | [INFO]: Embedding 1 document chunk(s) with model 'baai/bge-m3'

2026-07-18 12:36:37 | /home/sown23/Documents/HIT-MIRA-Multimodal-RAG/API/src/rag/retrieval/retriever.py:81 | [INFO]: Retrieved 1 chunk(s) for query

2026-07-18 12:36:37 | /home/sown23/Documents/HIT-MIRA-Multimodal-RAG/API/src/rag/retrieval/retrieval_service.py:34 | [INFO]: Retrieval flow completed with 1 result(s)

2026-07-18 12:37:33 | /home/sown23/Documents/HIT-MIRA-Multimodal-RAG/API/src/rag/retrieval/query_rewriter.py:28 | [WARNING]: Query rewrite failed, using original query: AuthenticationError

2026-07-18 12:37:33 | /home/sown23/Documents/HIT-MIRA-Multimodal-RAG/API/src/rag/embedding/embedding_service.py:46 | [INFO]: Embedding 1 document chunk(s) with model 'baai/bge-m3'

2026-07-18 12:37:40 | /home/sown23/Documents/HIT-MIRA-Multimodal-RAG/API/src/rag/retrieval/retriever.py:81 | [INFO]: Retrieved 0 chunk(s) for query

2026-07-18 12:37:40 | /home/sown23/Documents/HIT-MIRA-Multimodal-RAG/API/src/rag/retrieval/retrieval_service.py:34 | [INFO]: Retrieval flow completed with 0 result(s)

